test_b_dataset_is_readable_by_a_and_adapter_matches (test_ab_handoff.HandoffTests) ... ok
test_recovery_of_teammate_oaep_challenge (test_ab_handoff.HandoffTests) ... ok
test_unresolved_budget_status_is_preserved (test_ab_handoff.HandoffTests) ... ok
test_binary_plaintext_has_no_fake_utf8 (test_crypto.CryptoTests) ... ok
test_ciphertext_corruption_rejected (test_crypto.CryptoTests) ... ok
test_composite_cofactor_and_repeated_prime_rejected (test_crypto.CryptoTests) ... ok
test_detection_result_cannot_be_used_for_another_public_input (test_crypto.CryptoTests) ... ok
test_duplicate_modulus_with_different_exponent (test_crypto.CryptoTests) ... ok
test_either_factor_is_accepted (test_crypto.CryptoTests) ... ok
test_invalid_factor_rejected (test_crypto.CryptoTests) ... ok
test_noninvertible_exponent_rejected (test_crypto.CryptoTests) ... ok
test_normal_key_cannot_be_recovered (test_crypto.CryptoTests) ... ok
test_oaep_roundtrip_binary_message_and_label (test_crypto.CryptoTests) ... ok
test_private_exponent_uses_lambda (test_crypto.CryptoTests) ... ok
test_recovery_plaintext_matches (test_crypto.CryptoTests) ... ok
test_wrong_oaep_parameters_rejected (test_crypto.CryptoTests) ... ok
test_duplicate_id_rejected (test_detection.DetectionTests) ... ok
test_duplicates_and_shared_factors (test_detection.DetectionTests) ... ok
test_duplicates_only (test_detection.DetectionTests) ... ok
test_empty (test_detection.DetectionTests) ... ok
test_gmpy2_backend_matches_python (test_detection.DetectionTests) ... ok
test_normal (test_detection.DetectionTests) ... ok
test_odd_and_non_power_of_two (test_detection.DetectionTests) ... ok
test_pairwise_call_count_after_deduplication (test_detection.DetectionTests) ... ok
test_random_topologies_against_independent_oracle (test_detection.DetectionTests) ... ok
test_remainder_tree_against_direct_product (test_detection.DetectionTests) ... ok
test_shared_group (test_detection.DetectionTests) ... ok
test_shared_pair (test_detection.DetectionTests) ... ok
test_singleton (test_detection.DetectionTests) ... ok
test_triangle_fallback (test_detection.DetectionTests) ... ok
test_unresolved_is_preserved_for_unsupported_composites (test_detection.DetectionTests) ... ok
test_attack_subprocess_succeeds_in_public_only_directory (test_integration.IntegrationTests) ... ok
test_both_algorithms_and_oaep_with_truth (test_integration.IntegrationTests) ... ok
test_duplicate_labels_do_not_create_expected_vulnerability (test_integration.IntegrationTests) ... ok
test_evaluation_detects_wrong_factor_and_plaintext (test_integration.IntegrationTests) ... ok
test_force_required_to_replace_saved_data (test_integration.IntegrationTests) ... ok
test_generator_checks_actual_bit_length (test_integration.IntegrationTests) ... ok
test_ground_truth_file_hash_must_match (test_integration.IntegrationTests) ... ok
test_public_ids_must_be_unique (test_integration.IntegrationTests) ... ok
test_public_schema_rejects_secret_fields (test_integration.IntegrationTests) ... ok
test_repair_clears_current_shared_relations (test_integration.IntegrationTests) ... ok
test_bad_input_and_timeout_exit_codes (test_io_cli.CLITests) ... ok
test_file_output_and_incomplete_exit_code (test_io_cli.CLITests) ... ok
test_input_file_cannot_be_overwritten (test_io_cli.CLITests) ... ok
test_stdout_is_machine_readable_json (test_io_cli.CLITests) ... ok
test_bom_blank_lines_and_bare_hex_are_supported (test_io_cli.IOTests) ... ok
test_private_truth_fields_and_malformed_hex_are_rejected (test_io_cli.IOTests) ... ok
test_round_trip_and_report (test_io_cli.IOTests) ... ok
test_fixed_real_size_dataset (test_real_size.RSA2048Tests) ... ok
test_recovered_factor_is_usable_for_oaep_decryption (test_real_size.RSA2048Tests) ... ok
test_bad_inputs (test_scanner.ScannerTests) ... ok
test_deadline_raises_instead_of_returning_partial_success (test_scanner.ScannerTests) ... ok
test_duplicate_records_preserve_id_order_and_exponents (test_scanner.ScannerTests) ... ok
test_duplicates_do_not_create_false_factors (test_scanner.ScannerTests) ... ok
test_empty_single_clean_shared_duplicates_and_odd_sizes (test_scanner.ScannerTests) ... ok
test_fallback_budget_is_global (test_scanner.ScannerTests) ... ok
test_fallback_disabled_does_not_report_clean (test_scanner.ScannerTests) ... ok
test_full_overlap_triangle_is_resolved (test_scanner.ScannerTests) ... ok
test_invalid_options (test_scanner.ScannerTests) ... ok
test_json_integers_have_explicit_hex_prefix (test_scanner.ScannerTests) ... ok
test_non_semiprime_divisibility_is_not_marked_clean (test_scanner.ScannerTests) ... ok
test_optional_backend_matches_python (test_scanner.ScannerTests) ... ok
test_pairwise_count_uses_unique_moduli (test_scanner.ScannerTests) ... ok
test_randomized_semiprime_sets_match_independent_oracle (test_scanner.ScannerTests) ... ok
test_empty_and_single (test_scanner.TreeTests) ... ok
test_odd_leaf_is_carried (test_scanner.TreeTests) ... ok
test_remainders_match_independent_direct_division (test_scanner.TreeTests) ... ok
test_attack_inputs_exclude_ground_truth_and_private_parameters (test_validation.ControlExperimentTests) ... ok
test_both_algorithms_match_positive_negative_and_coverage_controls (test_validation.ControlExperimentTests) ... ok
test_wrong_label_and_corrupted_ciphertext_are_rejected (test_validation.ControlExperimentTests) ... ok

----------------------------------------------------------------------
Ran 70 tests in 6.732s

OK
